GIFT                         112.8 KB     1.4s  
II-2                         454.8 KB    61.8s  runner k2: grown with only 2.2 units of room; runner k4: grown with only 2.6 units of room; runner l1: grown with only 2.2 units of room; runner l2: grown with only 2.2 units of room; runner l5: grown with only 2.2 units of room; runner l6:
II-2_r01                      33.4 KB     0.4s  
II-2_r02                      13.3 KB     0.0s  
II-2_r03                      35.4 KB     0.5s  runner c7: its terminal is as near 0.r3/2 as its own mark; runner c1: its terminal is as near 10.r3/2 as its own mark
II-2_r04                      26.3 KB     0.6s  
II-2_r05                      48.2 KB     2.5s  
II-2_r06                      21.8 KB     0.7s  
II-2_r07                      23.9 KB     0.4s  
II-2_r08                      29.2 KB     0.3s  runner h2:1: its node is as near 10.2.r8/1 as its own mark
II-2_r09                      31.2 KB     0.3s  runner i3:1: its node is as near 11.1.r9/1 as its own mark; runner i3:2: its node is as near 11.1.r9/1 as its own mark
II-2_r10                      24.9 KB     0.2s  
II-2_r11                      25.1 KB     0.3s  
II-2_r12                      24.7 KB     0.3s  
II-2_r13                      20.6 KB     0.0s  
II-2_r14                      41.3 KB     1.0s  
II-2_r15                      37.8 KB     1.6s  
II-2_r16                      29.3 KB     0.8s  
II-2_r17                      15.1 KB     0.0s  
II-2_r18                      19.0 KB     0.2s  
II-2_r19                      14.5 KB     0.0s  
II-2_r20                      26.2 KB     0.6s  
II-2_r21                      23.3 KB     0.6s  
II-2_r22                      29.0 KB     0.2s  
II-2_r23                      17.8 KB     0.2s  
IV-2                         515.6 KB   109.4s  runner f1: grown with only 2.2 units of room; runner f2: grown with only 2.2 units of room; runner n3: no way through the wood; drawn straight; runner n2a: grown with only 2.6 units of room; runner o5: grown with only 2.2 units of room; run
IV-2_frag1                     7.9 KB     0.0s  chip
IV-2_frag2                     6.3 KB     0.0s  chip
IV-2_r01                      24.2 KB     0.5s  
IV-2_r02                      27.1 KB     0.3s  runner b2: its terminal is as near 9.r2/2 as its own mark
IV-2_r03                      31.6 KB     1.3s  runner c1: its terminal is as near 0.r3/2 as its own mark; runner c4: its node is as near 0.r3/4 as its own mark
IV-2_r04                      28.4 KB     0.6s  
IV-2_r05                      18.4 KB     0.1s  
IV-2_r06                      18.8 KB     0.2s  
IV-2_r07                      30.1 KB     1.0s  
IV-2_r08                      18.2 KB     0.3s  
IV-2_r09                      22.0 KB     0.4s  
IV-2_r10                      29.7 KB     0.6s  
IV-2_r11                      31.8 KB     0.7s  braid B1: 4 crossings for 3 turns; runner q: its node is as near 4.r11/1 as its own mark; runner q: its terminal is as near 12.r11/1 as its own mark
IV-2_r12                      13.4 KB     0.0s  
IV-2_r13                      23.3 KB     0.1s  
IV-2_r14                      29.2 KB     0.8s  break n2 ⊳ n1: no room to cross square; runner n2 comes within 0.5 of a mark; break n2 ⊳ n1: 3 crossings (must be exactly one)
IV-2_r15                      39.1 KB     3.7s  runner o5: no way through the wood; drawn straight; runner o6: no way through the wood; drawn straight; runner o2: no way through the wood; drawn straight; runner o3: no way through the wood; drawn straight; runner u1 comes within 0.1 of a 
IV-2_r16                      32.4 KB     1.0s  
IV-2_r17                      23.5 KB     0.5s  runner t3: no way through the wood; drawn straight
IV-2_r18                      15.5 KB     0.2s  
IV-2_r19                      33.5 KB     0.6s  
IV-2_r20                      19.1 KB     0.4s  
IV-2_r21                      22.4 KB     0.4s  
IV-2_r22                      34.3 KB     1.3s  
IV-2_r23                      45.2 KB     2.4s  runner z5:1: its node is as near 12.1.r23/1 as its own mark
IV-2_r24                      27.9 KB     1.0s  runner q7: no way through the wood; drawn straight; runner q2: no way through the wood; drawn straight
IV-4                         531.8 KB    76.6s  runner f4: no way through the wood; drawn straight; runner h2: grown with only 2.6 units of room; runner h4: no way through the wood; drawn straight; runner m5: no way through the wood; drawn straight; break m2 ⊳ m1: its legs found no way; 
IV-4_r01                      36.9 KB     0.9s  
IV-4_r02                      32.1 KB     0.9s  
IV-4_r03                      60.7 KB     2.3s  runner c6:1: its node is as near 0.r3/2 as its own mark; runner c2: its terminal is as near 1.r3/3 as its own mark; runner c8: its terminal is as near 6.r3/2 as its own mark; runner c12: its terminal is as near 0.r3/6 as its own mark
IV-4_r04                      23.4 KB     0.3s  
IV-4_r05                      49.2 KB     1.6s  runner e3:1: its node is as near 1.1.r5/1 as its own mark
IV-4_r06                      41.2 KB     1.3s  runner f4: grown with only 2.2 units of room; runner f4 comes within 1.6 of a mark
IV-4_r07                      19.6 KB     0.1s  
IV-4_r08                      21.4 KB     0.3s  
IV-4_r09                      13.5 KB     0.0s  
IV-4_r10                      26.1 KB     0.4s  
IV-4_r11                      17.4 KB     0.2s  runner k2: its terminal is as near 1.1.r11/1 as its own mark
IV-4_r12                      15.0 KB     0.1s  
IV-4_r13                      25.7 KB     0.4s  break m2 ⊳ m1: 2 crossings (must be exactly one)
IV-4_r14                      29.5 KB     0.8s  runner n3: its terminal is as near 1.1.r14/1 as its own mark; runner n3:1: its terminal is as near 1.2.r14/1 as its own mark
IV-4_r15                      39.8 KB     0.8s  bind K1: no free site; runner o1:1: its node is as near 0.2.r15/1 as its own mark; runner o2:1: its node is as near 0.3.r15/1 as its own mark; runner o10 comes within 0.8 of a mark
IV-4_r16                      19.6 KB     0.2s  
IV-4_r17                      28.6 KB     0.8s  
IV-4_r18                      17.8 KB     0.3s  
IV-4_r19                      28.6 KB     0.5s  
IV-4_r20                      48.9 KB     1.7s  
IV-4_r21                      17.2 KB     0.1s  
IV-4_r22                      19.0 KB     0.3s  
IV-4_r23                      22.5 KB     0.4s  
IV-4_r24                      17.8 KB     0.1s  
IV-6                         484.9 KB    74.6s  runner f0: grown with only 2.2 units of room; runner k1: no way through the wood; drawn straight; break k2 ⊳ k1: no room to cross square; break k2 ⊳ k1: its legs found no way; runner k2: no way through the wood; drawn straight; runner t2: g
IV-6_r01                      23.2 KB     0.4s  
IV-6_r02                      38.9 KB     3.0s  
IV-6_r03                      41.8 KB     2.0s  runner c2:1: its node is as near 0.r3/1 as its own mark
IV-6_r04                      26.5 KB     0.3s  
IV-6_r05                      24.6 KB     0.6s  
IV-6_r06                      14.1 KB     0.1s  
IV-6_r07                      26.7 KB     0.4s  
IV-6_r08                      35.2 KB     1.2s  
IV-6_r09                      11.3 KB     0.0s  
IV-6_r10                      32.5 KB     0.8s  break k2 ⊳ k1: 2 crossings (must be exactly one)
IV-6_r11                      29.2 KB     0.8s  runner l3:1: its node is as near 5.1.r11/1 as its own mark
IV-6_r12                      24.8 KB     0.9s  runner m1: its terminal is as near 12.1.r12/1 as its own mark
IV-6_r13                      19.9 KB     0.4s  
IV-6_r14                      14.7 KB     0.1s  
IV-6_r15                      46.9 KB     1.2s  runner p5: its terminal is as near 0.1.r15/1 as its own mark
IV-6_r16                      35.6 KB     0.9s  
IV-6_r17                      28.8 KB     0.7s  runner t2: grown with only 2.2 units of room; runner t2 comes within 1.7 of a mark
IV-6_r18                      13.0 KB     0.0s  
IV-6_r19                      44.0 KB     2.3s  runner v4: its terminal is as near 1.1.r19/1 as its own mark
IV-6_r20                      15.6 KB     0.2s  
IV-6_r21                      24.0 KB     0.2s  
IV-6_r22                      15.2 KB     0.1s  
IV-6_r23                      46.3 KB     3.2s  runner z6: grown with only 2.2 units of room; runner z1:1: its node is as near 12.2.r23/1 as its own mark
S07_V1-face                    6.3 KB     0.0s  cached
S08_BURN                       9.1 KB     0.0s  
S08_E1-01                      8.6 KB     0.0s  cached
S08_E1-02                      8.3 KB     0.0s  
S08_E1-03                      8.1 KB     0.0s  
S08_E1-04                      8.3 KB     0.0s  
S08_E1-05                      8.5 KB     0.0s  
S08_E1-06                      9.6 KB     0.0s  
S08_E1-07                      8.5 KB     0.0s  
S09_E4-01                     52.3 KB     0.0s  cached
S09_E5-02                     45.7 KB     0.0s  cached
S09_E5-02_r04                 24.8 KB     0.0s  cached
S09_V7-III                    28.7 KB     0.0s  cached
S10_STONE                    111.4 KB     0.0s  cached
S10_VI-1                      11.8 KB     0.0s  cached
S10_VI-1-twohomes              0.0 KB     0.0s  FAILED: GNError("cannot read line: 'r1·1  0: HOME*'")
S10_VI-1-twohomes_2           32.2 KB     0.9s  break b2 ⊳ b4: 2 crossings (must be exactly one)
S10_VI-1_2                    11.8 KB     0.0s  
S11_BURN                       9.1 KB     0.0s  cached
S11_E1-01                      8.6 KB     0.0s  cached
S11_E1-02                      8.3 KB     0.0s  cached
S11_E1-03                      8.1 KB     0.0s  cached
S11_E1-04                      8.3 KB     0.0s  cached
S11_E1-05                      8.5 KB     0.0s  cached
S11_E1-06                      9.6 KB     0.0s  cached
S11_E1-07                      8.5 KB     0.0s  cached
S11_E2-01                     18.2 KB     0.0s  cached
S11_E2-02                     15.1 KB     0.0s  cached
S11_E2-03                     17.4 KB     0.0s  cached
S11_E2-04                     16.8 KB     0.0s  cached
S11_E2-05                     16.1 KB     0.0s  cached
S11_E2-06                     17.0 KB     0.0s  cached
S11_E2-07                     18.6 KB     0.0s  cached
S11_E2-08                     16.6 KB     0.0s  cached
S11_E3-01                     38.8 KB     0.0s  cached
S11_E3-02                     33.1 KB     0.0s  cached
S11_E3-03                     35.2 KB     0.0s  cached
S11_E3-04                     42.2 KB     0.0s  cached
S11_E3-05                     34.9 KB     0.0s  cached
S11_E3-06                     32.8 KB     0.0s  cached
S11_E3-07                     34.5 KB     0.0s  cached
S11_E3-08                     46.4 KB     0.0s  cached
S11_E4-01                     52.3 KB     0.0s  cached
S11_E4-02                     29.4 KB     0.0s  cached
S11_E4-03                     31.7 KB     0.0s  cached
S11_E4-04                     33.3 KB     0.0s  cached
S11_E4-05                     36.3 KB     0.0s  cached
S11_E4-06                     41.6 KB     0.0s  cached
S11_E4-07                     38.9 KB     0.0s  cached
S11_E4-08                     36.9 KB     0.0s  cached
S11_E5-01                     97.5 KB     0.0s  cached
S11_E5-02                     46.1 KB     0.0s  cached
S11_E5-03                     44.4 KB     0.0s  cached
S11_E5-04                     39.8 KB     0.0s  cached
S11_E5-05                     37.1 KB     0.0s  cached
S11_E5-06                     43.7 KB     0.0s  cached
S11_E5-07                     35.0 KB     0.0s  cached
S11_T-01                      28.8 KB     0.0s  cached
S11_T-02                      32.2 KB     0.0s  cached
S11_T-03                      33.4 KB     0.0s  cached
S11_T-04                      31.3 KB     0.0s  cached
S11_T-05                      30.6 KB     0.0s  cached
S11_T-06                      33.0 KB     0.0s  cached
S11_T-07                      37.5 KB     0.0s  cached
S11_T-08                      35.1 KB     0.0s  cached
STONE_bare                    29.4 KB     0.0s  cached
V-3                          369.9 KB     0.0s  cached
V-3_r01                       30.6 KB     0.3s  runner a2:1: its node is as near 12.r1/4 as its own mark
V-3_r02                       17.9 KB     0.2s  
V-3_r03                       36.0 KB     0.6s  
V-3_r04                       16.6 KB     0.3s  
V-3_r05                       20.4 KB     0.3s  
V-3_r06                       29.1 KB     0.8s  
V-3_r07                       33.8 KB     1.3s  
V-3_r08                       35.5 KB     0.9s  
V-3_r09                       28.2 KB     0.3s  
V-3_r10                       23.9 KB     0.6s  
V-3_r11                       25.7 KB     0.5s  
V-3_r12                       17.1 KB     0.1s  
V-3_r13                       12.4 KB     0.0s  
V-3_r14                       15.9 KB     0.1s  
V-3_r15                       23.9 KB     0.8s  
V-3_r16                       17.0 KB     0.1s  
V-3_r17                       35.6 KB     0.7s  runner u8: its terminal is as near 9.2.r17/1 as its own mark
V-3_r18                       27.7 KB     0.9s  
V-3_r19                       14.8 KB     0.1s  
V-3_r20                       22.6 KB     0.5s  
V-4                          527.3 KB    51.0s  runner u2: no way through the wood; drawn straight; runner a2: its terminal is as near 8.r1/2 as its own mark; runner a1: its terminal is as near 9.r1/1 as its own mark; runner c4: its terminal is as near 2.r3/2 as its own mark; runner i1: 
V-4-grow                      11.5 KB     0.0s  cached
V-4_r01                       34.2 KB     0.7s  
V-4_r02                       19.3 KB     0.2s  
V-4_r03                       37.9 KB     1.6s  runner c4: its terminal is as near 2.r3/2 as its own mark
V-4_r04                       24.5 KB     0.1s  
V-4_r05                       35.1 KB     0.3s  
V-4_r06                       18.6 KB     0.1s  runner f1: its terminal is as near 7.1.r6/2 as its own mark
V-4_r07                       31.3 KB     0.8s  
V-4_r08                       39.8 KB     1.7s  
V-4_r09                       30.2 KB     0.0s  
V-4_r10                       13.9 KB     0.0s  
V-4_r11                       26.1 KB     0.2s  
V-4_r12                       16.5 KB     0.3s  break k2 ⊳ k1: no room to cross square; runner k2a: grown with only 2.6 units of room; runner k2 comes within 1.2 of a mark
V-4_r13                       27.6 KB     0.9s  runner l6: its terminal is as near 12.4.r13/1 as its own mark
V-4_r14                       35.7 KB     0.5s  
V-4_r15                       21.3 KB     0.3s  
V-4_r16                       22.3 KB     0.1s  runner o2: its node is as near 5.1.r16/1 as its own mark
V-4_r17                       35.1 KB     1.0s  
V-4_r18                       15.0 KB     0.0s  
V-4_r19                       19.9 KB     0.4s  
V-4_r20                       35.6 KB     1.1s  
V-4_r21                       32.2 KB     0.4s  
V-4_r22                       29.2 KB     0.6s  runner u2: grown with only 2.6 units of room
V-6                          675.3 KB    80.9s  runner j1: grown with only 2.6 units of room; runner j2: grown with only 2.2 units of room; runner k2: grown with only 2.6 units of room; runner p1: no way through the wood; drawn straight; runner p4: no way through the wood; drawn straight
V-6_r01                       23.2 KB     0.2s  
V-6_r02                       31.4 KB     1.3s  runner b2: its terminal is as near 13.r2/1 as its own mark
V-6_r03                       51.6 KB     3.9s  runner c6: its terminal is as near 9.r3/2 as its own mark
V-6_r04                       52.2 KB     3.9s  runner d6: its terminal is as near 9.r4/3 as its own mark; runner d10: its terminal is as near 3.r4/2 as its own mark
V-6_r05                       21.8 KB     0.1s  
V-6_r06                       26.1 KB     0.7s  
V-6_r07                       14.9 KB     0.1s  
V-6_r08                       31.0 KB     0.7s  
V-6_r09                       19.6 KB     0.4s  
V-6_r10                       19.2 KB     0.2s  
V-6_r11                       31.6 KB     0.2s  
V-6_r12                       37.3 KB     1.3s  runner l3: its terminal is as near 3.3.r12/1 as its own mark; runner l1:1: its node is as near 3.4.r12/1 as its own mark; runner l2:1: its node is as near 3.4.r12/1 as its own mark; runner l5: its terminal is as near 3.1.r12/2 as its own ma
V-6_r13                       33.9 KB     0.3s  
V-6_r14                       17.9 KB     0.2s  
V-6_r15                       28.8 KB     0.7s  
V-6_r16                       43.9 KB     1.0s  runner p0 comes within 0.4 of a mark
V-6_r17                       19.6 KB     0.2s  
V-6_r18                       32.6 KB     0.9s  
V-6_r19                       28.6 KB     0.3s  
V-6_r20                       48.2 KB     2.6s  
V-6_r21                       37.8 KB     0.9s  runner v1: its terminal is as near 11.2.r21/1 as its own mark
V-6_r22                       17.3 KB     0.2s  
V-6_r23                      100.8 KB     6.3s  runner x1: grown with only 2.2 units of room; runner x2: grown with only 2.2 units of room; runner x2 comes within 1.8 of a mark
V-6_r24                       13.3 KB     0.0s  
VI-2-eirlenth                309.0 KB    27.0s  runner m2: grown with only 2.2 units of room; runner m2: grown with only 2.2 units of room; runner m1: grown with only 2.2 units of room; runner m3: grown with only 2.2 units of room; runner q1: grown with only 2.2 units of room; runner d6:
VI-2-eirlenth_r01             25.8 KB     0.4s  
VI-2-eirlenth_r02             22.4 KB     0.2s  
VI-2-eirlenth_r03             21.3 KB     0.4s  
VI-2-eirlenth_r04             39.9 KB     3.0s  runner d6:1: its node is as near 9.r4/2 as its own mark; runner d6:2: its node is as near 9.r4/2 as its own mark
VI-2-eirlenth_r05             37.1 KB     2.1s  
VI-2-eirlenth_r06             20.4 KB     0.1s  
VI-2-eirlenth_r07             14.4 KB     0.0s  
VI-2-eirlenth_r08             15.8 KB     0.1s  
VI-2-eirlenth_r09             35.3 KB     1.3s  runner i1:1: its node is as near 13.1.r9/1 as its own mark; runner i3:1: its node is as near 2.1.r9/1 as its own mark
VI-2-eirlenth_r10             19.1 KB     0.2s  
VI-2-eirlenth_r11             19.0 KB     0.5s  
VI-2-eirlenth_r12             31.5 KB     2.4s  runner m2: no way through the wood; drawn straight; runner m1: no way through the wood; drawn straight; runner m3: no way through the wood; drawn straight; runner m2 comes within 0.2 of a mark; runner m1 comes within 0.3 of a mark; runner m
VI-2-eirlenth_r13             20.8 KB     0.4s  
VI-2-eirlenth_r14             19.2 KB     0.2s  
VI-2-eirlenth_r15             18.9 KB     0.1s  
VI-2-eirlenth_r16             24.4 KB     0.7s  runner q3: grown with only 2.6 units of room; runner q4: grown with only 2.6 units of room
VI-2-esthaer                 379.9 KB     0.0s  cached
VI-2-esthaer_r01              25.6 KB     0.5s  runner a1 comes within 1.1 of a mark
VI-2-esthaer_r02              22.2 KB     0.2s  
VI-2-esthaer_r03              21.2 KB     0.4s  
VI-2-esthaer_r04              38.9 KB     2.9s  runner d6:1: its node is as near 9.r4/2 as its own mark; runner d6:2: its node is as near 9.r4/2 as its own mark
VI-2-esthaer_r05              38.0 KB     1.9s  
VI-2-esthaer_r06              21.1 KB     0.1s  
VI-2-esthaer_r07              14.6 KB     0.0s  
VI-2-esthaer_r08              15.8 KB     0.1s  
VI-2-esthaer_r09              36.0 KB     1.3s  runner i1:1: its node is as near 13.1.r9/1 as its own mark; runner i3:1: its node is as near 2.1.r9/1 as its own mark
VI-2-esthaer_r10              19.7 KB     0.3s  
VI-2-esthaer_r11              18.9 KB     0.5s  
VI-2-esthaer_r12              35.5 KB     1.6s  runner m5: no way through the wood; drawn straight; runner m3: no way through the wood; drawn straight; runner m5 comes within 0.1 of a mark; runner m3 comes within 0.3 of a mark
VI-2-esthaer_r13              18.5 KB     0.1s  
VI-2-esthaer_r14              24.5 KB     0.3s  
VI-2-leavaren                393.1 KB     0.0s  cached
VI-2-leavaren_r01             25.8 KB     0.5s  
VI-2-leavaren_r02             22.1 KB     0.2s  
VI-2-leavaren_r03             21.5 KB     0.4s  
VI-2-leavaren_r04             41.0 KB     2.9s  runner d6: its terminal is as near 9.r4/3 as its own mark; runner d6:1: its node is as near 9.r4/2 as its own mark; runner d6:2: its node is as near 9.r4/2 as its own mark
VI-2-leavaren_r05             37.2 KB     2.0s  
VI-2-leavaren_r06             21.6 KB     0.1s  
VI-2-leavaren_r07             14.7 KB     0.0s  
VI-2-leavaren_r08             16.1 KB     0.1s  runner h2: its terminal is as near 12.1.r8/1 as its own mark
VI-2-leavaren_r09             35.4 KB     1.3s  runner i1:1: its node is as near 13.1.r9/1 as its own mark; runner i3:1: its node is as near 2.1.r9/1 as its own mark
VI-2-leavaren_r10             20.3 KB     0.3s  
VI-2-leavaren_r11             19.1 KB     0.6s  
VI-2-leavaren_r12             35.7 KB     2.4s  runner m1: grown with only 2.2 units of room; runner m6: grown with only 2.2 units of room; runner m1 comes within 1.5 of a mark; runner m6 comes within 1.5 of a mark
VI-2-leavaren_r13             18.3 KB     0.1s  
VI-2-leavaren_r14             24.3 KB     0.3s  
VI-2-naelthar                393.9 KB    22.1s  runner m7: no way through the wood; drawn straight; runner m1: no way through the wood; drawn straight; runner m2: no way through the wood; drawn straight; runner m3: no way through the wood; drawn straight; runner q1: no way through the wo
VI-2-naelthar_r01             24.5 KB     0.4s  
VI-2-naelthar_r02             22.4 KB     0.1s  
VI-2-naelthar_r03             21.4 KB     0.4s  
VI-2-naelthar_r04             41.7 KB     3.0s  runner d6: its terminal is as near 9.r4/3 as its own mark; runner d6:1: its node is as near 9.r4/2 as its own mark; runner d6:2: its node is as near 9.r4/2 as its own mark
VI-2-naelthar_r05             37.5 KB     2.0s  
VI-2-naelthar_r06             21.1 KB     0.1s  
VI-2-naelthar_r07             14.6 KB     0.0s  
VI-2-naelthar_r08             16.1 KB     0.1s  
VI-2-naelthar_r09             35.0 KB     1.3s  runner i1:1: its node is as near 13.1.r9/1 as its own mark; runner i3:1: its node is as near 2.1.r9/1 as its own mark
VI-2-naelthar_r10             20.6 KB     0.3s  
VI-2-naelthar_r11             18.9 KB     0.4s  
VI-2-naelthar_r12             35.8 KB     3.3s  runner m7: no way through the wood; drawn straight; runner m1: no way through the wood; drawn straight; runner m2: no way through the wood; drawn straight; runner m3: no way through the wood; drawn straight; runner m6: its terminal is as ne
VI-2-naelthar_r13             18.7 KB     0.0s  
VI-2-naelthar_r14             23.8 KB     0.7s  runner q3: grown with only 2.6 units of room; runner q4: grown with only 2.6 units of room; runner q4 comes within 1.9 of a mark
VI-2-neivaere                318.6 KB    35.4s  runner h2: grown with only 2.2 units of room; runner m7: grown with only 2.6 units of room; runner n1: no way through the wood; drawn straight; runner n2: no way through the wood; drawn straight; runner n2: no way through the wood; drawn st
VI-2-neivaere_r01             26.9 KB     0.5s  
VI-2-neivaere_r02             22.3 KB     0.2s  
VI-2-neivaere_r03             20.6 KB     0.5s  
VI-2-neivaere_r04             40.2 KB     3.0s  runner d6:1: its node is as near 9.r4/2 as its own mark; runner d6:2: its node is as near 9.r4/2 as its own mark
VI-2-neivaere_r05             36.9 KB     2.0s  
VI-2-neivaere_r06             20.9 KB     0.1s  
VI-2-neivaere_r07             14.4 KB     0.0s  
VI-2-neivaere_r08             16.1 KB     0.1s  
VI-2-neivaere_r09             35.1 KB     1.3s  runner i1:1: its node is as near 13.1.r9/1 as its own mark; runner i3:1: its node is as near 2.1.r9/1 as its own mark
VI-2-neivaere_r10             19.9 KB     0.3s  
VI-2-neivaere_r11             19.1 KB     0.5s  
VI-2-neivaere_r12             36.9 KB     1.6s  runner m7:1: its node is as near 11.r12/1 as its own mark
VI-2-neivaere_r13             26.2 KB     4.3s  runner n1: no way through the wood; drawn straight; runner n2: no way through the wood; drawn straight; runner n2: no way through the wood; drawn straight; runner n3: no way through the wood; drawn straight
VI-2-neivaere_r14             21.2 KB     0.4s  
VI-2-neivaere_r15             18.1 KB     0.1s  
VI-2-neivaere_r16             24.0 KB     0.4s  runner q1: grown with only 2.2 units of room
VI-2-ralensaen               280.8 KB     0.0s  cached
VI-2-ralensaen_r01            23.4 KB     0.3s  
VI-2-ralensaen_r02            21.9 KB     0.2s  
VI-2-ralensaen_r03            21.4 KB     0.4s  
VI-2-ralensaen_r04            41.1 KB     3.0s  runner d6:1: its node is as near 9.r4/2 as its own mark; runner d6:2: its node is as near 9.r4/2 as its own mark
VI-2-ralensaen_r05            36.6 KB     2.0s  
VI-2-ralensaen_r06            20.6 KB     0.1s  
VI-2-ralensaen_r07            14.6 KB     0.0s  
VI-2-ralensaen_r08            15.9 KB     0.1s  
VI-2-ralensaen_r09            35.5 KB     1.2s  runner i1:1: its node is as near 13.1.r9/1 as its own mark; runner i3:1: its node is as near 2.1.r9/1 as its own mark
VI-2-ralensaen_r10            19.2 KB     0.3s  
VI-2-ralensaen_r11            19.0 KB     0.5s  
VI-2-ralensaen_r12            48.4 KB     2.0s  runner m8: its terminal is as near 12.2.r12/2 as its own mark
VI-2-ralensaen_r13            18.7 KB     0.1s  
VI-2-ralensaen_r14            24.3 KB     0.3s  
VI-2-rhenvael                282.6 KB     0.0s  cached
VI-2-rhenvael_r01             24.0 KB     0.5s  
VI-2-rhenvael_r02             22.3 KB     0.1s  
VI-2-rhenvael_r03             22.1 KB     0.4s  
VI-2-rhenvael_r04             40.7 KB     2.9s  runner d6: its terminal is as near 9.r4/3 as its own mark; runner d6:1: its node is as near 9.r4/2 as its own mark; runner d6:2: its node is as near 9.r4/2 as its own mark; runner d5: its terminal is as near 9.r4/2 as its own mark
VI-2-rhenvael_r05             37.8 KB     1.9s  
VI-2-rhenvael_r06             21.2 KB     0.1s  
VI-2-rhenvael_r07             14.6 KB     0.0s  
VI-2-rhenvael_r08             15.8 KB     0.1s  
VI-2-rhenvael_r09             34.9 KB     1.3s  runner i1:1: its node is as near 13.1.r9/1 as its own mark; runner i3:1: its node is as near 2.1.r9/1 as its own mark
VI-2-rhenvael_r10             20.2 KB     0.3s  
VI-2-rhenvael_r11             18.7 KB     0.5s  
VI-2-rhenvael_r12             31.5 KB     4.2s  runner m3: no way through the wood; drawn straight; runner m4: no way through the wood; drawn straight; runner m2: no way through the wood; drawn straight; runner m5: no way through the wood; drawn straight; runner m4 comes within 0.8 of a 
VI-2-rhenvael_r13             18.2 KB     0.0s  
VI-2-rhenvael_r14             24.0 KB     0.7s  runner q3: grown with only 2.6 units of room; runner q4: grown with only 2.6 units of room
VI-2-senneir                 401.1 KB    27.2s  runner m5: grown with only 2.2 units of room; runner m6: grown with only 2.2 units of room; runner m1: grown with only 2.2 units of room; runner m8: grown with only 2.2 units of room; runner m7: grown with only 2.2 units of room; runner q1:
VI-2-senneir_r01              25.2 KB     0.4s  
VI-2-senneir_r02              21.7 KB     0.2s  
VI-2-senneir_r03              20.2 KB     0.5s  
VI-2-senneir_r04              41.3 KB     3.1s  runner d6: its terminal is as near 9.r4/3 as its own mark; runner d6:1: its node is as near 9.r4/2 as its own mark; runner d6:2: its node is as near 9.r4/2 as its own mark
VI-2-senneir_r05              37.2 KB     1.9s  
VI-2-senneir_r06              20.7 KB     0.1s  
VI-2-senneir_r07              14.6 KB     0.0s  
VI-2-senneir_r08              15.9 KB     0.1s  
VI-2-senneir_r09              35.6 KB     1.3s  runner i1:1: its node is as near 13.1.r9/1 as its own mark; runner i3:1: its node is as near 2.1.r9/1 as its own mark
VI-2-senneir_r10              20.1 KB     0.3s  
VI-2-senneir_r11              19.0 KB     0.6s  
VI-2-senneir_r12              35.2 KB     4.7s  runner m5: no way through the wood; drawn straight; runner m6: no way through the wood; drawn straight; runner m2: no way through the wood; drawn straight; runner m1: no way through the wood; drawn straight; runner m8: no way through the wo
VI-2-senneir_r13              18.9 KB     0.1s  
VI-2-senneir_r14              23.6 KB     0.3s  
VI-2-thaesaen                379.0 KB     0.0s  cached
VI-2-thaesaen_r01             25.9 KB     0.5s  
VI-2-thaesaen_r02             21.9 KB     0.1s  
VI-2-thaesaen_r03             20.4 KB     0.5s  
VI-2-thaesaen_r04             40.7 KB     3.0s  runner d6:1: its node is as near 9.r4/2 as its own mark; runner d6:2: its node is as near 9.r4/2 as its own mark
VI-2-thaesaen_r05             37.8 KB     1.8s  
VI-2-thaesaen_r06             20.4 KB     0.1s  
VI-2-thaesaen_r07             14.7 KB     0.0s  
VI-2-thaesaen_r08             15.9 KB     0.1s  
VI-2-thaesaen_r09             34.8 KB     1.3s  runner i1:1: its node is as near 13.1.r9/1 as its own mark; runner i3:1: its node is as near 2.1.r9/1 as its own mark
VI-2-thaesaen_r10             19.5 KB     0.3s  
VI-2-thaesaen_r11             19.0 KB     0.5s  
VI-2-thaesaen_r12             32.7 KB     2.8s  runner m1: no way through the wood; drawn straight; runner m5: no way through the wood; drawn straight; runner m3: no way through the wood; drawn straight; runner m1 comes within 1.7 of a mark
VI-2-thaesaen_r13             18.4 KB     0.1s  
VI-2-thaesaen_r14             24.2 KB     0.3s  
VI-2-vaelress                404.0 KB     0.0s  cached
VI-2-vaelress_r01             24.1 KB     0.4s  
VI-2-vaelress_r02             22.1 KB     0.2s  
VI-2-vaelress_r03             21.3 KB     0.4s  
VI-2-vaelress_r04             41.5 KB     2.9s  runner d6:1: its node is as near 9.r4/2 as its own mark; runner d6:2: its node is as near 9.r4/2 as its own mark
VI-2-vaelress_r05             38.1 KB     1.9s  
VI-2-vaelress_r06             21.0 KB     0.1s  
VI-2-vaelress_r07             14.6 KB     0.0s  
VI-2-vaelress_r08             16.0 KB     0.1s  
VI-2-vaelress_r09             35.2 KB     1.3s  runner i1:1: its node is as near 13.1.r9/1 as its own mark; runner i3:1: its node is as near 2.1.r9/1 as its own mark
VI-2-vaelress_r10             20.0 KB     0.2s  
VI-2-vaelress_r11             19.1 KB     0.5s  
VI-2-vaelress_r12             37.0 KB     2.9s  runner m3: grown with only 2.2 units of room; runner m2: grown with only 2.2 units of room; runner m4: grown with only 2.2 units of room; runner m3 comes within 1.6 of a mark; runner m2 comes within 1.7 of a mark; runner m4 comes within 1.8
VI-2-vaelress_r13             18.8 KB     0.1s  
VI-2-vaelress_r14             24.5 KB     0.3s  
